# Bake Begins!
### (1 of 6) Copy sources
$ cp -a /home/travis/build/fontdirectory/salsa/METADATA.json /home/travis/build/fontdirectory/salsa/builds/build
$ cp -a /home/travis/build/fontdirectory/salsa/DESCRIPTION.en_us.html /home/travis/build/fontdirectory/salsa/builds/build
$ cp -a Salsa-Regular.ttf.ttx src/Salsa-Regular.otf.ttx src/Salsa-Regular-TTF.sfd Salsa-Regular.ttf.GlyphOrder.ttx Salsa-Regular.ttf.F_F_T_M_.ttx Salsa-Regular.ttf.G_P_O_S_.ttx Salsa-Regular.ttf._m_a_x_p.ttx Salsa-Regular.ttf._h_e_a_d.ttx Salsa-Regular.ttf.D_S_I_G_.ttx Salsa-Regular.ttf.O_S_2f_2.ttx Salsa-Regular.ttf._n_a_m_e.ttx Salsa-Regular.ttf._c_m_a_p.ttx Salsa-Regular.ttf._l_o_c_a.ttx Salsa-Regular.ttf._h_m_t_x.ttx Salsa-Regular.ttf.G_S_U_B_.ttx Salsa-Regular.ttf.G_D_E_F_.ttx Salsa-Regular.ttf._g_l_y_f.ttx Salsa-Regular.ttf._h_h_e_a.ttx Salsa-Regular.ttf._p_r_e_p.ttx Salsa-Regular.ttf._p_o_s_t.ttx Salsa-Regular.ttf._g_a_s_p.ttx src/Salsa-Regular.otf.G_P_O_S_.ttx src/Salsa-Regular.otf._p_o_s_t.ttx src/Salsa-Regular.otf._m_a_x_p.ttx src/Salsa-Regular.otf.C_F_F_.ttx src/Salsa-Regular.otf._h_m_t_x.ttx src/Salsa-Regular.otf.G_S_U_B_.ttx src/Salsa-Regular.otf._n_a_m_e.ttx src/Salsa-Regular.otf.GlyphOrder.ttx src/Salsa-Regular.otf.O_S_2f_2.ttx src/Salsa-Regular.otf._h_h_e_a.ttx src/Salsa-Regular.otf._h_e_a_d.ttx src/Salsa-Regular.otf._c_m_a_p.ttx /home/travis/build/fontdirectory/salsa/builds/build/sources
### (2 of 6) pyfontaine
### (3 of 6) Run upstream tests
$ fontbakery-check.py upstream-repo sources
$ fontaine --collections subsets --text /home/travis/build/fontdirectory/salsa/builds/build/sources/Salsa-Regular.ttf.ttx /home/travis/build/fontdirectory/salsa/builds/build/sources/Salsa-Regular.otf.ttx /home/travis/build/fontdirectory/salsa/builds/build/sources/Salsa-Regular-TTF.sfd > fontaine.txt
bakery_lint.tests.upstream.test_diacritic.TestDiacritic.test_diacritic_made_as_component(): OK
bakery_lint.tests.upstream.test_diacritic.TestDiacritic.test_diacritic_made_as_mark_to_mark(): OK
bakery_lint.tests.upstream.test_diacritic.TestDiacritic.test_diacritic_made_as_own_glyphs(): OK
WARNING: Please install [PyICU](https://pypi.python.org/pypi/PyICU) toenable [feature], perhaps with: pip install pyicu
pyfontaine error: Not a TrueType or OpenType font (bad sfntVersion)
pyfontaine process has been failed
bakery_lint.tests.upstream.test_prepolation.FontTestPrepolation.test_font_prepolation_glyph_contours(): OK
bakery_lint.tests.upstream.test_prepolation.FontTestPrepolation.test_font_prepolation_glyph_points(): OK
bakery_lint.tests.upstream.test_prepolation.FontTestPrepolation.test_font_test_prepolation_glyph_names(): OK
bakery_lint.tests.upstream.test_check_upstream_sources.ProjectUpstreamTestCase.test_bakery_yaml_exists(): OK
bakery_lint.tests.upstream.test_check_upstream_sources.ProjectUpstreamTestCase.test_copyright_notices_same_across_family(): OK
bakery_lint.tests.upstream.test_check_upstream_sources.ProjectUpstreamTestCase.test_description_html_exists(): OK
bakery_lint.tests.upstream.test_check_upstream_sources.ProjectUpstreamTestCase.test_fontlog_txt_exists(): FAIL
bakery_lint.tests.upstream.test_check_upstream_sources.ProjectUpstreamTestCase.test_metadata_json_exists(): OK
$ fontbakery-check.py upstream-ttx Salsa-Regular.ttf.ttx
bakery_lint.tests.upstream.test_glyphname_does_not_contain_disallowed_chars.TestGlyphNameDoesNotContainsDisallowedChars.test_glyphname_does_not_contain_disallowed_chars(): FAIL
bakery_lint.tests.upstream.test_font_filename_eq_familystyle.TestTTFSourceFontFileNameEqualsFamilyStyle.test_source_ttf_font_filename_equals_familystyle(): FAIL
$ mv /home/travis/build/fontdirectory/salsa/builds/build/sources/Salsa-Regular.ttf.ttx /home/travis/build/fontdirectory/salsa/builds/build/sources/Salsa-Regular.ttx
bakery_lint.tests.upstream.test_font_filename_eq_familystyle.TestTTFSourceFontFileNameEqualsFamilyStyle.test_source_ttf_font_filename_equals_familystyle(): OK
bakery_lint.tests.upstream.test_check_ttx_requirements.SourceTTXTest.test_epar_in_keys(): FAIL
bakery_lint.tests.upstream.test_check_ttx_requirements.SourceTTXTest.test_os2_in_keys(): OK
bakery_lint.tests.upstream.test_check_ttx_requirements.SourceTTXTest.test_ttx_doesnt_contain_duplicate_glyphs(): OK
bakery_lint.tests.upstream.test_check_ttx_fontfamily_recommendations.TTX_FontFamilyNamingTest.test_ttx_family_naming_recommendation(): OK
$ fontbakery-check.py upstream-ttx Salsa-Regular.otf.ttx
bakery_lint.tests.upstream.test_glyphname_does_not_contain_disallowed_chars.TestGlyphNameDoesNotContainsDisallowedChars.test_glyphname_does_not_contain_disallowed_chars(): OK
bakery_lint.tests.upstream.test_font_filename_eq_familystyle.TestTTFSourceFontFileNameEqualsFamilyStyle.test_source_ttf_font_filename_equals_familystyle(): FAIL
$ mv /home/travis/build/fontdirectory/salsa/builds/build/sources/Salsa-Regular.otf.ttx /home/travis/build/fontdirectory/salsa/builds/build/sources/Salsa-Regular.ttx
bakery_lint.tests.upstream.test_font_filename_eq_familystyle.TestTTFSourceFontFileNameEqualsFamilyStyle.test_source_ttf_font_filename_equals_familystyle(): OK
bakery_lint.tests.upstream.test_check_ttx_requirements.SourceTTXTest.test_epar_in_keys(): FAIL
bakery_lint.tests.upstream.test_check_ttx_requirements.SourceTTXTest.test_os2_in_keys(): OK
bakery_lint.tests.upstream.test_check_ttx_requirements.SourceTTXTest.test_ttx_doesnt_contain_duplicate_glyphs(): OK
bakery_lint.tests.upstream.test_check_ttx_fontfamily_recommendations.TTX_FontFamilyNamingTest.test_ttx_family_naming_recommendation(): OK
$ fontbakery-check.py upstream Salsa-Regular-TTF.sfd
bakery_lint.tests.upstream.test_font_filename_eq_familystyle.TestTTFSourceFontFileNameEqualsFamilyStyle.test_source_ttf_font_filename_equals_familystyle(): ERROR
bakery_lint.tests.upstream.test_check_ufo_requirements.UfoOpenTest.test_has_rupee(): ERROR
bakery_lint.tests.upstream.test_check_ufo_requirements.UfoOpenTest.test_is_A(): ERROR
bakery_lint.tests.upstream.test_check_ufo_requirements.UfoOpenTest.test_is_A_a_glyph_instance(): ERROR
bakery_lint.tests.upstream.test_check_ufo_requirements.UfoOpenTest.test_is_ended_ufo(): ERROR
bakery_lint.tests.upstream.test_check_ufo_requirements.UfoOpenTest.test_is_folder(): ERROR
bakery_lint.tests.upstream.test_check_ufo_requirements.UfoOpenTest.test_is_fsType_eq_1(): ERROR
bakery_lint.tests.upstream.test_check_ufo_requirements.UfoOpenTest.test_it_exists(): ERROR
bakery_lint.tests.upstream.test_contour_count.TestContourCount.test_contour_count(): ERROR
bakery_lint.tests.upstream.test_unicode_value_should_appear_only_once_per_font.UnicodeValueShouldAppearOnlyOnce.testUnicodeValue(): ERROR
bakery_lint.tests.upstream.test_check_ufo_fontfamily_recommendations.TestUFOFontFamilyNamingTest.test_familyname_less_than_32_chars(): OK
bakery_lint.tests.upstream.test_check_ufo_fontfamily_recommendations.TestUFOFontFamilyNamingTest.test_fullfontname_less_than_64_chars(): OK
bakery_lint.tests.upstream.test_check_ufo_fontfamily_recommendations.TestUFOFontFamilyNamingTest.test_postscriptname_consistof_allowed_chars(): OK
bakery_lint.tests.upstream.test_check_ufo_fontfamily_recommendations.TestUFOFontFamilyNamingTest.test_postscriptname_less_than_30_chars(): OK
bakery_lint.tests.upstream.test_check_ufo_fontfamily_recommendations.TestUFOFontFamilyNamingTest.test_stylename_less_than_32_chars(): OK
bakery_lint.tests.upstream.test_check_ufo_fontfamily_recommendations.TestUFOFontFamilyNamingTest.test_weight_value_range_between_250_and_900(): OK
### (4 of 6) Convert sources to TTF
$ ttx -d /home/travis/build/fontdirectory/salsa/builds/build /home/travis/build/fontdirectory/salsa/builds/build/sources/Salsa-Regular.ttx
$ fontbakery-build-font2ttf.py sources/Salsa-Regular.otf Salsa-Regular.ttf
Warning: Mac and Windows entries in the 'name' table differ for the
 Copyright string in the language English (US)
 Mac String: Copyright (c) 2011 by John Vargas Beltrán (john.vargasbeltran@gmail.com), with Reserved Font Name Salsa.
Windows String: Copyright (c) 2011 by John Vargas Beltrn (john.vargasbeltran@gmail.com), with Reserved Font Name Salsa.
Warning: Mac and Windows entries in the 'name' table differ for the
 Fullname string in the language English (US)
 Mac String: Salsa Regular
Windows String: Salsa-Regular
Warning: Mac and Windows entries in the 'name' table differ for the
 Designer string in the language English (US)
 Mac String: John Vargas Beltrán
Windows String: John Vargas Beltrn
ntilde's SEAC-like endchar operator is depreciated for Type2
colon's SEAC-like endchar operator is depreciated for Type2
Aacute's SEAC-like endchar operator is depreciated for Type2
Iacute's SEAC-like endchar operator is depreciated for Type2
Ntilde's SEAC-like endchar operator is depreciated for Type2
Idieresis's SEAC-like endchar operator is depreciated for Type2
Otilde's SEAC-like endchar operator is depreciated for Type2
Adieresis's SEAC-like endchar operator is depreciated for Type2
Acircumflex's SEAC-like endchar operator is depreciated for Type2
Icircumflex's SEAC-like endchar operator is depreciated for Type2
Racute's SEAC-like endchar operator is depreciated for Type2
nacute's SEAC-like endchar operator is depreciated for Type2
Itilde's SEAC-like endchar operator is depreciated for Type2
Jcircumflex's SEAC-like endchar operator is depreciated for Type2
Success: Generated OpenType-TTF (/home/travis/build/fontdirectory/salsa/builds/build/Salsa-Regular.ttf)
strippedname:/home/travis/build/fontdirectory/salsa/builds/build/sources/Salsa-Regular-TTF.sfd
Compiling "/home/travis/build/fontdirectory/salsa/builds/build/sources/Salsa-Regular.ttx" to "/home/travis/build/fontdirectory/salsa/builds/build/Salsa-Regular.otf"...
Parsing 'GlyphOrder' table...
Parsing 'head' table...
Parsing 'hhea' table...
Parsing 'maxp' table...
Parsing 'OS/2' table...
Parsing 'name' table...
Parsing 'cmap' table...
Parsing 'post' table...
Parsing 'CFF ' table...
Parsing 'GPOS' table...
Parsing 'GSUB' table...
Parsing 'hmtx' table...
strippedname:/home/travis/build/fontdirectory/salsa/builds/build/Salsa-Regular.otf
### Test Salsa-Regular.ttf
$ fontbakery-check.py result Salsa-Regular.ttf
bakery_lint.tests.downstream.test_check_unencoded_glyph.TestFontUnencodedGlyph.test_font_unencoded_glyphs(): FAIL
$ fontbakery-fix-glyph-private-encoding.py --autofix /home/travis/build/fontdirectory/salsa/builds/build/Salsa-Regular.ttf
$ mv /home/travis/build/fontdirectory/salsa/builds/build/Salsa-Regular.ttf.fix /home/travis/build/fontdirectory/salsa/builds/build/Salsa-Regular.ttf
bakery_lint.tests.downstream.test_check_unencoded_glyph.TestFontUnencodedGlyph.test_font_unencoded_glyphs(): FAIL
bakery_lint.tests.downstream.test_check_font_tables.CheckFontHasDsigTable.test_check_font_has_dsig_table(): OK
bakery_lint.tests.downstream.test_check_font_tables.CheckFontHasNotKernTable.test_no_kern_table_exists(): OK
bakery_lint.tests.downstream.test_check_unused_glyph_data.CheckUnusedGlyphData.test_check_unused_glyph_data(): ERROR
bakery_lint.tests.downstream.test_check_glyf_table_length.CheckGlyfTableLength.test_check_glyf_table_length(): FAIL
bakery_lint.tests.downstream.test_check_hmtx_hhea_max_advance_width_agreement.CheckHmtxHheaMaxAdvanceWidthAgreement.test_check_hmtx_hhea_max_advance_width_agreement(): OK
bakery_lint.tests.downstream.test_check_license_included.CheckLicenseIncluded.test_license_included_in_font_names(): OK
bakery_lint.tests.downstream.test_names_are_ascii_only.CheckNamesAreASCIIOnly.test_check_names_are_ascii_only(): FAIL
$ fontbakery-fix-ascii-fontmetadata.py /home/travis/build/fontdirectory/salsa/builds/build/Salsa-Regular.ttf
$ mv /home/travis/build/fontdirectory/salsa/builds/build/Salsa-Regular.ttf.fix /home/travis/build/fontdirectory/salsa/builds/build/Salsa-Regular.ttf
bakery_lint.tests.downstream.test_names_are_ascii_only.CheckNamesAreASCIIOnly.test_check_names_are_ascii_only(): OK
bakery_lint.tests.downstream.test_check_name_table_recommendation.CheckStyleNameRecommendation.test_check_stylename_is_under_recommendations(): OK
bakery_lint.tests.downstream.test_check_name_table_recommendation.CheckOTFamilyNameRecommendation.test_check_opentype_familyname(): FAIL
$ fontbakery-fix-opentype-names.py /home/travis/build/fontdirectory/salsa/builds/build/Salsa-Regular.ttf
$ mv /home/travis/build/fontdirectory/salsa/builds/build/Salsa-Regular.ttf.fix /home/travis/build/fontdirectory/salsa/builds/build/Salsa-Regular.ttf
bakery_lint.tests.downstream.test_check_name_table_recommendation.CheckOTFamilyNameRecommendation.test_check_opentype_familyname(): OK
bakery_lint.tests.downstream.test_check_name_table_recommendation.CheckOTStyleNameRecommendation.test_check_opentype_stylename(): OK
bakery_lint.tests.downstream.test_check_name_table_recommendation.CheckOTFullNameRecommendation.test_check_opentype_fullname(): OK
bakery_lint.tests.downstream.test_gasp_table_value.CheckGaspTableType.test_check_gasp_table_type(): FAIL
$ fontbakery-fix-gasp.py --set=15 /home/travis/build/fontdirectory/salsa/builds/build/Salsa-Regular.ttf
$ mv /home/travis/build/fontdirectory/salsa/builds/build/Salsa-Regular.ttf.fix /home/travis/build/fontdirectory/salsa/builds/build/Salsa-Regular.ttf
bakery_lint.tests.downstream.test_gasp_table_value.CheckGaspTableType.test_check_gasp_table_type(): OK
$ fontbakery-fix-gasp.py --set=15 /home/travis/build/fontdirectory/salsa/builds/build/Salsa-Regular.ttf
$ mv /home/travis/build/fontdirectory/salsa/builds/build/Salsa-Regular.ttf.fix /home/travis/build/fontdirectory/salsa/builds/build/Salsa-Regular.ttf
bakery_lint.tests.downstream.test_check_panose_identification.CheckPanoseIdentification.test_check_panose_identification(): OK
bakery_lint.tests.downstream.test_check_magic_prep_code.CheckMagicPREPByteCode.test_prep_magic_code(): FAIL
bakery_lint.tests.downstream.test_check_glyph_existence.CheckGlyphExistence.test_euro(): FAIL
bakery_lint.tests.downstream.test_check_glyph_existence.CheckGlyphExistence.test_nbsp(): OK
bakery_lint.tests.downstream.test_check_glyph_existence.CheckGlyphExistence.test_space(): OK
bakery_lint.tests.downstream.test_check_nbsp_width_matches_sp_width.CheckNbspWidthMatchesSpWidth.test_check_nbsp_width_matches_sp_width(): FAIL
$ fontbakery-fix-nbsp.py /home/travis/build/fontdirectory/salsa/builds/build/Salsa-Regular.ttf
$ mv /home/travis/build/fontdirectory/salsa/builds/build/Salsa-Regular.ttf.fix /home/travis/build/fontdirectory/salsa/builds/build/Salsa-Regular.ttf
bakery_lint.tests.downstream.test_check_nbsp_width_matches_sp_width.CheckNbspWidthMatchesSpWidth.test_check_nbsp_width_matches_sp_width(): FAIL
The following table(s) in the font have been ignored by FontForge
  Ignoring 'DSIG' digital signature table
The glyph named percent is mapped to U+F00F5.
But its name indicates it should be mapped to U+0025.
The glyph named middot is mapped to U+F00FE.
But its name indicates it should be mapped to U+00B7.
bakery_lint.tests.downstream.test_fontforge_validation_state.FontForgeValidateStateTest.test_allowed_numbers_paths_in_composite_glyphs(): OK
bakery_lint.tests.downstream.test_fontforge_validation_state.FontForgeValidateStateTest.test_allowed_numbers_paths_in_glyphs(): OK
bakery_lint.tests.downstream.test_fontforge_validation_state.FontForgeValidateStateTest.test_allowed_numbers_points_in_composite_glyphs(): OK
bakery_lint.tests.downstream.test_fontforge_validation_state.FontForgeValidateStateTest.test_allowed_numbers_points_in_glyphs(): OK
bakery_lint.tests.downstream.test_fontforge_validation_state.FontForgeValidateStateTest.test_duplicate_glyphs(): OK
bakery_lint.tests.downstream.test_fontforge_validation_state.FontForgeValidateStateTest.test_duplicate_unicode_codepoints(): OK
bakery_lint.tests.downstream.test_fontforge_validation_state.FontForgeValidateStateTest.test_flipped_reference_in_glyphs(): OK
bakery_lint.tests.downstream.test_fontforge_validation_state.FontForgeValidateStateTest.test_missing_anchors(): OK
bakery_lint.tests.downstream.test_fontforge_validation_state.FontForgeValidateStateTest.test_missing_extrema_in_glyphs(): OK
bakery_lint.tests.downstream.test_fontforge_validation_state.FontForgeValidateStateTest.test_overlapped_hints(): OK
bakery_lint.tests.downstream.test_fontforge_validation_state.FontForgeValidateStateTest.test_points_are_integer_aligned(): OK
bakery_lint.tests.downstream.test_fontforge_validation_state.FontForgeValidateStateTest.test_points_are_not_too_far_apart(): OK
bakery_lint.tests.downstream.test_fontforge_validation_state.FontForgeValidateStateTest.test_postscript_hasnt_limit_hints_in_glyphs(): OK
bakery_lint.tests.downstream.test_fontforge_validation_state.FontForgeValidateStateTest.test_postscript_hasnt_limit_points_in_glyphs(): OK
bakery_lint.tests.downstream.test_fontforge_validation_state.FontForgeValidateStateTest.test_referenced_glyphs_are_present(): OK
bakery_lint.tests.downstream.test_fontforge_validation_state.FontForgeValidateStateTest.test_valid_glyph_names(): OK
bakery_lint.tests.downstream.test_fontforge_validation_state.FontForgeValidateStateTest.test_valid_length_instructions(): OK
bakery_lint.tests.downstream.test_fontforge_validation_state.FontForgeValidateStateTest.test_validation_glyph_intersect(): OK
bakery_lint.tests.downstream.test_fontforge_validation_state.FontForgeValidateStateTest.test_validation_open_contours(): OK
bakery_lint.tests.downstream.test_fontforge_validation_state.FontForgeValidateStateTest.test_wrong_direction_in_glyphs(): OK
bakery_lint.tests.downstream.test_check_vertical_metrics.CheckVerticalLinegapMetrics.test_metrics_linegaps_are_zero(): OK
bakery_lint.tests.downstream.test_check_vertical_metrics.CheckVerticalAscentMetrics.test_metrics_ascents_equal_bbox(): OK
bakery_lint.tests.downstream.test_check_vertical_metrics.CheckVerticalDescentMetrics.test_metrics_descents_equal_bbox(): OK
bakery_lint.tests.downstream.test_check_full_font_name_begins_with_family_name.CheckFullFontNameBeginsWithFamilyName.test_check_full_font_name_begins_with_family_name(): OK
bakery_lint.tests.downstream.test_check_font_agreements.CheckFsTypeIsNotSet.test_is_fstype_not_set(): OK
$ fontbakery-fix-fstype.py --autofix /home/travis/build/fontdirectory/salsa/builds/build/Salsa-Regular.ttf
$ mv /home/travis/build/fontdirectory/salsa/builds/build/Salsa-Regular.ttf.fix /home/travis/build/fontdirectory/salsa/builds/build/Salsa-Regular.ttf
bakery_lint.tests.downstream.test_check_font_agreements.CheckFontAgreements.test_em_is_1000(): OK
bakery_lint.tests.downstream.test_check_font_agreements.CheckFontAgreements.test_font_is_font(): OK
bakery_lint.tests.downstream.test_check_font_agreements.CheckFontAgreements.test_latin_file_exists(): FAIL
bakery_lint.tests.downstream.test_check_font_agreements.CheckFontAgreements.test_menu_file_exists(): FAIL
bakery_lint.tests.downstream.test_check_fontname_matches_macstyle.CheckFontNameEqualToMacStyleFlags.test_fontname_is_equal_to_macstyle(): OK
bakery_lint.tests.downstream.test_check_no_problematic_formats.CheckNoProblematicFormats.test_check_no_problematic_formats(): OK
bakery_lint.tests.downstream.test_gpos_table_has_kerning_info.CheckGposTableHasKerningInfo.test_gpos_table_has_kerning_info(): OK
bakery_lint.tests.downstream.test_check_os2_width_class.CheckOS2WidthClass.test_check_os2_width_class(): OK
bakery_lint.tests.downstream.test_check_italic_angle_agreement.CheckItalicAngleAgreement.test_check_italic_angle_agreement(): OK
bakery_lint.tests.downstream.test_check_names_same_across_platforms.CheckNamesSameAcrossPlatforms.test_check_names_same_across_platforms(): OK
bakery_lint.tests.downstream.test_check_upm_heights_less_120.TestCheckUPMHeightsLess120.test_check_upm_heigths_less_120(): FAIL
### Optimize TTF Salsa-Regular.ttf
$ ls -l 'Salsa-Regular.ttf'* # look at the size savings of that subset process
Salsa-Regular.ttf.opt: 51804 bytes
Salsa-Regular.ttf: 57200 bytes
$ mv /home/travis/build/fontdirectory/salsa/builds/build/Salsa-Regular.ttf.opt /home/travis/build/fontdirectory/salsa/builds/build/Salsa-Regular.ttf
### Autohint TTFs (ttfautohint) Salsa-Regular.ttf
$ ttfautohint -l 7 -r 28 -G 50 -x 13 -w "G" /home/travis/build/fontdirectory/salsa/builds/build/Salsa-Regular.ttf '/home/travis/build/fontdirectory/salsa/builds/build/Salsa-Regular.autohint.ttf'

$ ls -l /home/travis/build/fontdirectory/salsa/builds/build/Salsa-Regular.*ttf # look at the size savings of that subset process
/home/travis/build/fontdirectory/salsa/builds/build/Salsa-Regular.ttf: 51804 bytes
/home/travis/build/fontdirectory/salsa/builds/build/Salsa-Regular.autohint.ttf: 82516 bytes
$ mv /home/travis/build/fontdirectory/salsa/builds/build/Salsa-Regular.autohint.ttf /home/travis/build/fontdirectory/salsa/builds/build/Salsa-Regular.ttf
### Subset TTFs (pyftsubset) Salsa-Regular.ttf
$ pyftsubset Salsa-Regular.latin
$ pyftsubset Salsa-Regular.menu
spaceWidth is    282
nbspWidth is     282
Nothing to do
strippedname:/home/travis/build/fontdirectory/salsa/builds/build/Salsa-Regular.ttf
$ fontbakery-build-font2ttf.py sources/Salsa-Regular-TTF.sfd Salsa-Regular-TTF.ttf
Success: Generated OpenType-TTF (/home/travis/build/fontdirectory/salsa/builds/build/Salsa-Regular-TTF.ttf)
### Test Salsa-Regular-TTF.ttf
$ fontbakery-check.py result Salsa-Regular-TTF.ttf
bakery_lint.tests.downstream.test_check_unencoded_glyph.TestFontUnencodedGlyph.test_font_unencoded_glyphs(): FAIL
$ fontbakery-fix-glyph-private-encoding.py --autofix /home/travis/build/fontdirectory/salsa/builds/build/Salsa-Regular-TTF.ttf
$ mv /home/travis/build/fontdirectory/salsa/builds/build/Salsa-Regular-TTF.ttf.fix /home/travis/build/fontdirectory/salsa/builds/build/Salsa-Regular-TTF.ttf
bakery_lint.tests.downstream.test_check_unencoded_glyph.TestFontUnencodedGlyph.test_font_unencoded_glyphs(): FAIL
bakery_lint.tests.downstream.test_check_font_tables.CheckFontHasDsigTable.test_check_font_has_dsig_table(): OK
bakery_lint.tests.downstream.test_check_font_tables.CheckFontHasNotKernTable.test_no_kern_table_exists(): OK
bakery_lint.tests.downstream.test_check_unused_glyph_data.CheckUnusedGlyphData.test_check_unused_glyph_data(): ERROR
bakery_lint.tests.downstream.test_check_glyf_table_length.CheckGlyfTableLength.test_check_glyf_table_length(): FAIL
bakery_lint.tests.downstream.test_check_hmtx_hhea_max_advance_width_agreement.CheckHmtxHheaMaxAdvanceWidthAgreement.test_check_hmtx_hhea_max_advance_width_agreement(): OK
bakery_lint.tests.downstream.test_check_license_included.CheckLicenseIncluded.test_license_included_in_font_names(): OK
bakery_lint.tests.downstream.test_names_are_ascii_only.CheckNamesAreASCIIOnly.test_check_names_are_ascii_only(): FAIL
$ fontbakery-fix-ascii-fontmetadata.py /home/travis/build/fontdirectory/salsa/builds/build/Salsa-Regular-TTF.ttf
$ mv /home/travis/build/fontdirectory/salsa/builds/build/Salsa-Regular-TTF.ttf.fix /home/travis/build/fontdirectory/salsa/builds/build/Salsa-Regular-TTF.ttf
bakery_lint.tests.downstream.test_names_are_ascii_only.CheckNamesAreASCIIOnly.test_check_names_are_ascii_only(): OK
bakery_lint.tests.downstream.test_check_name_table_recommendation.CheckStyleNameRecommendation.test_check_stylename_is_under_recommendations(): OK
bakery_lint.tests.downstream.test_check_name_table_recommendation.CheckOTFamilyNameRecommendation.test_check_opentype_familyname(): FAIL
$ fontbakery-fix-opentype-names.py /home/travis/build/fontdirectory/salsa/builds/build/Salsa-Regular-TTF.ttf
$ mv /home/travis/build/fontdirectory/salsa/builds/build/Salsa-Regular-TTF.ttf.fix /home/travis/build/fontdirectory/salsa/builds/build/Salsa-Regular-TTF.ttf
bakery_lint.tests.downstream.test_check_name_table_recommendation.CheckOTFamilyNameRecommendation.test_check_opentype_familyname(): OK
bakery_lint.tests.downstream.test_check_name_table_recommendation.CheckOTStyleNameRecommendation.test_check_opentype_stylename(): OK
bakery_lint.tests.downstream.test_check_name_table_recommendation.CheckOTFullNameRecommendation.test_check_opentype_fullname(): OK
bakery_lint.tests.downstream.test_gasp_table_value.CheckGaspTableType.test_check_gasp_table_type(): OK
$ fontbakery-fix-gasp.py --set=15 /home/travis/build/fontdirectory/salsa/builds/build/Salsa-Regular-TTF.ttf
$ mv /home/travis/build/fontdirectory/salsa/builds/build/Salsa-Regular-TTF.ttf.fix /home/travis/build/fontdirectory/salsa/builds/build/Salsa-Regular-TTF.ttf
bakery_lint.tests.downstream.test_check_panose_identification.CheckPanoseIdentification.test_check_panose_identification(): OK
bakery_lint.tests.downstream.test_check_magic_prep_code.CheckMagicPREPByteCode.test_prep_magic_code(): OK
bakery_lint.tests.downstream.test_check_glyph_existence.CheckGlyphExistence.test_euro(): FAIL
bakery_lint.tests.downstream.test_check_glyph_existence.CheckGlyphExistence.test_nbsp(): OK
bakery_lint.tests.downstream.test_check_glyph_existence.CheckGlyphExistence.test_space(): OK
bakery_lint.tests.downstream.test_check_nbsp_width_matches_sp_width.CheckNbspWidthMatchesSpWidth.test_check_nbsp_width_matches_sp_width(): FAIL
$ fontbakery-fix-nbsp.py /home/travis/build/fontdirectory/salsa/builds/build/Salsa-Regular-TTF.ttf
$ mv /home/travis/build/fontdirectory/salsa/builds/build/Salsa-Regular-TTF.ttf.fix /home/travis/build/fontdirectory/salsa/builds/build/Salsa-Regular-TTF.ttf
bakery_lint.tests.downstream.test_check_nbsp_width_matches_sp_width.CheckNbspWidthMatchesSpWidth.test_check_nbsp_width_matches_sp_width(): FAIL
The following table(s) in the font have been ignored by FontForge
  Ignoring 'DSIG' digital signature table
The glyph named percent is mapped to U+F00F5.
But its name indicates it should be mapped to U+0025.
The glyph named middot is mapped to U+F00FE.
But its name indicates it should be mapped to U+00B7.
bakery_lint.tests.downstream.test_fontforge_validation_state.FontForgeValidateStateTest.test_allowed_numbers_paths_in_composite_glyphs(): OK
bakery_lint.tests.downstream.test_fontforge_validation_state.FontForgeValidateStateTest.test_allowed_numbers_paths_in_glyphs(): OK
bakery_lint.tests.downstream.test_fontforge_validation_state.FontForgeValidateStateTest.test_allowed_numbers_points_in_composite_glyphs(): OK
bakery_lint.tests.downstream.test_fontforge_validation_state.FontForgeValidateStateTest.test_allowed_numbers_points_in_glyphs(): OK
bakery_lint.tests.downstream.test_fontforge_validation_state.FontForgeValidateStateTest.test_duplicate_glyphs(): OK
bakery_lint.tests.downstream.test_fontforge_validation_state.FontForgeValidateStateTest.test_duplicate_unicode_codepoints(): OK
bakery_lint.tests.downstream.test_fontforge_validation_state.FontForgeValidateStateTest.test_flipped_reference_in_glyphs(): OK
bakery_lint.tests.downstream.test_fontforge_validation_state.FontForgeValidateStateTest.test_missing_anchors(): OK
bakery_lint.tests.downstream.test_fontforge_validation_state.FontForgeValidateStateTest.test_missing_extrema_in_glyphs(): OK
bakery_lint.tests.downstream.test_fontforge_validation_state.FontForgeValidateStateTest.test_overlapped_hints(): OK
bakery_lint.tests.downstream.test_fontforge_validation_state.FontForgeValidateStateTest.test_points_are_integer_aligned(): OK
bakery_lint.tests.downstream.test_fontforge_validation_state.FontForgeValidateStateTest.test_points_are_not_too_far_apart(): OK
bakery_lint.tests.downstream.test_fontforge_validation_state.FontForgeValidateStateTest.test_postscript_hasnt_limit_hints_in_glyphs(): OK
bakery_lint.tests.downstream.test_fontforge_validation_state.FontForgeValidateStateTest.test_postscript_hasnt_limit_points_in_glyphs(): OK
bakery_lint.tests.downstream.test_fontforge_validation_state.FontForgeValidateStateTest.test_referenced_glyphs_are_present(): OK
bakery_lint.tests.downstream.test_fontforge_validation_state.FontForgeValidateStateTest.test_valid_glyph_names(): OK
bakery_lint.tests.downstream.test_fontforge_validation_state.FontForgeValidateStateTest.test_valid_length_instructions(): OK
bakery_lint.tests.downstream.test_fontforge_validation_state.FontForgeValidateStateTest.test_validation_glyph_intersect(): OK
bakery_lint.tests.downstream.test_fontforge_validation_state.FontForgeValidateStateTest.test_validation_open_contours(): OK
bakery_lint.tests.downstream.test_fontforge_validation_state.FontForgeValidateStateTest.test_wrong_direction_in_glyphs(): OK
bakery_lint.tests.downstream.test_check_vertical_metrics.CheckVerticalLinegapMetrics.test_metrics_linegaps_are_zero(): OK
bakery_lint.tests.downstream.test_check_vertical_metrics.CheckVerticalAscentMetrics.test_metrics_ascents_equal_bbox(): OK
bakery_lint.tests.downstream.test_check_vertical_metrics.CheckVerticalDescentMetrics.test_metrics_descents_equal_bbox(): OK
bakery_lint.tests.downstream.test_check_full_font_name_begins_with_family_name.CheckFullFontNameBeginsWithFamilyName.test_check_full_font_name_begins_with_family_name(): OK
bakery_lint.tests.downstream.test_check_font_agreements.CheckFsTypeIsNotSet.test_is_fstype_not_set(): OK
$ fontbakery-fix-fstype.py --autofix /home/travis/build/fontdirectory/salsa/builds/build/Salsa-Regular-TTF.ttf
$ mv /home/travis/build/fontdirectory/salsa/builds/build/Salsa-Regular-TTF.ttf.fix /home/travis/build/fontdirectory/salsa/builds/build/Salsa-Regular-TTF.ttf
bakery_lint.tests.downstream.test_check_font_agreements.CheckFontAgreements.test_em_is_1000(): OK
bakery_lint.tests.downstream.test_check_font_agreements.CheckFontAgreements.test_font_is_font(): OK
bakery_lint.tests.downstream.test_check_font_agreements.CheckFontAgreements.test_latin_file_exists(): FAIL
bakery_lint.tests.downstream.test_check_font_agreements.CheckFontAgreements.test_menu_file_exists(): FAIL
bakery_lint.tests.downstream.test_check_fontname_matches_macstyle.CheckFontNameEqualToMacStyleFlags.test_fontname_is_equal_to_macstyle(): OK
bakery_lint.tests.downstream.test_check_no_problematic_formats.CheckNoProblematicFormats.test_check_no_problematic_formats(): OK
bakery_lint.tests.downstream.test_gpos_table_has_kerning_info.CheckGposTableHasKerningInfo.test_gpos_table_has_kerning_info(): OK
bakery_lint.tests.downstream.test_check_os2_width_class.CheckOS2WidthClass.test_check_os2_width_class(): OK
bakery_lint.tests.downstream.test_check_italic_angle_agreement.CheckItalicAngleAgreement.test_check_italic_angle_agreement(): OK
bakery_lint.tests.downstream.test_check_names_same_across_platforms.CheckNamesSameAcrossPlatforms.test_check_names_same_across_platforms(): OK
bakery_lint.tests.downstream.test_check_upm_heights_less_120.TestCheckUPMHeightsLess120.test_check_upm_heigths_less_120(): FAIL
### Optimize TTF Salsa-Regular-TTF.ttf
$ ls -l 'Salsa-Regular-TTF.ttf'* # look at the size savings of that subset process
Salsa-Regular-TTF.ttf.opt: 51500 bytes
Salsa-Regular-TTF.ttf: 56908 bytes
$ mv /home/travis/build/fontdirectory/salsa/builds/build/Salsa-Regular-TTF.ttf.opt /home/travis/build/fontdirectory/salsa/builds/build/Salsa-Regular-TTF.ttf
### Autohint TTFs (ttfautohint) Salsa-Regular-TTF.ttf
$ ttfautohint -l 7 -r 28 -G 50 -x 13 -w "G" /home/travis/build/fontdirectory/salsa/builds/build/Salsa-Regular-TTF.ttf '/home/travis/build/fontdirectory/salsa/builds/build/Salsa-Regular-TTF.autohint.ttf'

$ ls -l /home/travis/build/fontdirectory/salsa/builds/build/Salsa-Regular-TTF.*ttf # look at the size savings of that subset process
/home/travis/build/fontdirectory/salsa/builds/build/Salsa-Regular-TTF.ttf: 51500 bytes
/home/travis/build/fontdirectory/salsa/builds/build/Salsa-Regular-TTF.autohint.ttf: 82480 bytes
$ mv /home/travis/build/fontdirectory/salsa/builds/build/Salsa-Regular-TTF.autohint.ttf /home/travis/build/fontdirectory/salsa/builds/build/Salsa-Regular-TTF.ttf
### Subset TTFs (pyftsubset) Salsa-Regular-TTF.ttf
$ pyftsubset Salsa-Regular-TTF.latin
$ pyftsubset Salsa-Regular-TTF.menu
spaceWidth is    282
nbspWidth is     282
Nothing to do
strippedname:/home/travis/build/fontdirectory/salsa/builds/build/Salsa-Regular-TTF.ttf
### (5 of 6) Generate METADATA.json (fontbakery-build-metadata.py)
$ fontbakery-build-metadata.py /home/travis/build/fontdirectory/salsa/builds/build
{} exists
Designer's name from font is: John Vargas Beltrn
Original size: 82516\nGzip size: 39035
Family Name: Salsa
PS Name: Salsa-Regular
Full Name: Salsa-Regular
Style: normal
Weight: 400
Filename: Salsa-Regular-TTF.ttf
Copyright: Copyright (c) 2011 by John Vargas Beltrn (john.vargasbeltran@gmail.com), with Reserved Font Name Salsa.
Family Name: Salsa
PS Name: Salsa-Regular
Full Name: Salsa-Regular
Style: normal
Weight: 400
Filename: Salsa-Regular.ttf
Copyright: Copyright (c) 2011 by John Vargas Beltrn (john.vargasbeltran@gmail.com), with Reserved Font Name Salsa.
Error: 
ERROR: BUILD FAILED
